Archive member included to satisfy reference by file (symbol)

c:/progra~2/gnu arm embedded toolchain/9 2020-q2-update/bin/../lib/gcc/arm-none-eabi/9.3.1/../../../../arm-none-eabi/lib/thumb/v7e-m+fp/hard\libc_nano.a(lib_a-errno.o)
                              CMakeFiles/hello_world.elf.dir/e5103f61876ec3237827d5eed3bed075/SDK_2.9.0_MK66FX1M0xxx18/devices/MK66F18/utilities/fsl_sbrk.c.obj (__errno)
c:/progra~2/gnu arm embedded toolchain/9 2020-q2-update/bin/../lib/gcc/arm-none-eabi/9.3.1/../../../../arm-none-eabi/lib/thumb/v7e-m+fp/hard\libc_nano.a(lib_a-exit.o)
                              c:/progra~2/gnu arm embedded toolchain/9 2020-q2-update/bin/../lib/gcc/arm-none-eabi/9.3.1/../../../../arm-none-eabi/lib/thumb/v7e-m+fp/hard/crt0.o (exit)
c:/progra~2/gnu arm embedded toolchain/9 2020-q2-update/bin/../lib/gcc/arm-none-eabi/9.3.1/../../../../arm-none-eabi/lib/thumb/v7e-m+fp/hard\libc_nano.a(lib_a-impure.o)
                              c:/progra~2/gnu arm embedded toolchain/9 2020-q2-update/bin/../lib/gcc/arm-none-eabi/9.3.1/../../../../arm-none-eabi/lib/thumb/v7e-m+fp/hard\libc_nano.a(lib_a-exit.o) (_global_impure_ptr)
c:/progra~2/gnu arm embedded toolchain/9 2020-q2-update/bin/../lib/gcc/arm-none-eabi/9.3.1/../../../../arm-none-eabi/lib/thumb/v7e-m+fp/hard\libc_nano.a(lib_a-init.o)
                              c:/progra~2/gnu arm embedded toolchain/9 2020-q2-update/bin/../lib/gcc/arm-none-eabi/9.3.1/../../../../arm-none-eabi/lib/thumb/v7e-m+fp/hard/crt0.o (__libc_init_array)
c:/progra~2/gnu arm embedded toolchain/9 2020-q2-update/bin/../lib/gcc/arm-none-eabi/9.3.1/../../../../arm-none-eabi/lib/thumb/v7e-m+fp/hard\libc_nano.a(lib_a-malloc.o)
                              CMakeFiles/hello_world.elf.dir/e5103f61876ec3237827d5eed3bed075/SDK_2.9.0_MK66FX1M0xxx18/devices/MK66F18/drivers/fsl_common.c.obj (malloc)
c:/progra~2/gnu arm embedded toolchain/9 2020-q2-update/bin/../lib/gcc/arm-none-eabi/9.3.1/../../../../arm-none-eabi/lib/thumb/v7e-m+fp/hard\libc_nano.a(lib_a-memcpy-stub.o)
                              CMakeFiles/hello_world.elf.dir/4c17dc5a00c1f2a2d14478fb96592893/devices/MK66F18/drivers/fsl_ftfx_controller.c.obj (memcpy)
c:/progra~2/gnu arm embedded toolchain/9 2020-q2-update/bin/../lib/gcc/arm-none-eabi/9.3.1/../../../../arm-none-eabi/lib/thumb/v7e-m+fp/hard\libc_nano.a(lib_a-memset.o)
                              c:/progra~2/gnu arm embedded toolchain/9 2020-q2-update/bin/../lib/gcc/arm-none-eabi/9.3.1/../../../../arm-none-eabi/lib/thumb/v7e-m+fp/hard/crt0.o (memset)
c:/progra~2/gnu arm embedded toolchain/9 2020-q2-update/bin/../lib/gcc/arm-none-eabi/9.3.1/../../../../arm-none-eabi/lib/thumb/v7e-m+fp/hard\libc_nano.a(lib_a-nano-freer.o)
                              c:/progra~2/gnu arm embedded toolchain/9 2020-q2-update/bin/../lib/gcc/arm-none-eabi/9.3.1/../../../../arm-none-eabi/lib/thumb/v7e-m+fp/hard\libc_nano.a(lib_a-malloc.o) (_free_r)
c:/progra~2/gnu arm embedded toolchain/9 2020-q2-update/bin/../lib/gcc/arm-none-eabi/9.3.1/../../../../arm-none-eabi/lib/thumb/v7e-m+fp/hard\libc_nano.a(lib_a-nano-mallocr.o)
                              c:/progra~2/gnu arm embedded toolchain/9 2020-q2-update/bin/../lib/gcc/arm-none-eabi/9.3.1/../../../../arm-none-eabi/lib/thumb/v7e-m+fp/hard\libc_nano.a(lib_a-malloc.o) (_malloc_r)
c:/progra~2/gnu arm embedded toolchain/9 2020-q2-update/bin/../lib/gcc/arm-none-eabi/9.3.1/../../../../arm-none-eabi/lib/thumb/v7e-m+fp/hard\libc_nano.a(lib_a-sbrkr.o)
                              c:/progra~2/gnu arm embedded toolchain/9 2020-q2-update/bin/../lib/gcc/arm-none-eabi/9.3.1/../../../../arm-none-eabi/lib/thumb/v7e-m+fp/hard\libc_nano.a(lib_a-nano-mallocr.o) (_sbrk_r)
c:/progra~2/gnu arm embedded toolchain/9 2020-q2-update/bin/../lib/gcc/arm-none-eabi/9.3.1/../../../../arm-none-eabi/lib/thumb/v7e-m+fp/hard\libc_nano.a(lib_a-strlen.o)
                              CMakeFiles/hello_world.elf.dir/4c17dc5a00c1f2a2d14478fb96592893/devices/MK66F18/utilities/debug_console_lite/fsl_debug_console.c.obj (strlen)
c:/progra~2/gnu arm embedded toolchain/9 2020-q2-update/bin/../lib/gcc/arm-none-eabi/9.3.1/../../../../arm-none-eabi/lib/thumb/v7e-m+fp/hard\libc_nano.a(lib_a-mlock.o)
                              c:/progra~2/gnu arm embedded toolchain/9 2020-q2-update/bin/../lib/gcc/arm-none-eabi/9.3.1/../../../../arm-none-eabi/lib/thumb/v7e-m+fp/hard\libc_nano.a(lib_a-nano-freer.o) (__malloc_lock)
c:/progra~2/gnu arm embedded toolchain/9 2020-q2-update/bin/../lib/gcc/arm-none-eabi/9.3.1/../../../../arm-none-eabi/lib/thumb/v7e-m+fp/hard\libc_nano.a(lib_a-reent.o)
                              c:/progra~2/gnu arm embedded toolchain/9 2020-q2-update/bin/../lib/gcc/arm-none-eabi/9.3.1/../../../../arm-none-eabi/lib/thumb/v7e-m+fp/hard\libc_nano.a(lib_a-sbrkr.o) (errno)
c:/progra~2/gnu arm embedded toolchain/9 2020-q2-update/bin/../lib/gcc/arm-none-eabi/9.3.1/../../../../arm-none-eabi/lib/thumb/v7e-m+fp/hard\libc_nano.a(lib_a-lock.o)
[...]
Memory Configuration

Name             Origin             Length             Attributes
m_interrupts     0x00000000         0x00000400         xr
m_flash_config   0x00000400         0x00000010         xr
m_text           0x00000410         0x001ffbf0         xr
m_data           0x1fff0000         0x00010000         rw
m_data_2         0x20000000         0x00030000         rw
*default*        0x00000000         0xffffffff

Linker script and memory map

LOAD c:/progra~2/gnu arm embedded toolchain/9 2020-q2-update/bin/../lib/gcc/arm-none-eabi/9.3.1/thumb/v7e-m+fp/hard/crti.o
LOAD c:/progra~2/gnu arm embedded toolchain/9 2020-q2-update/bin/../lib/gcc/arm-none-eabi/9.3.1/thumb/v7e-m+fp/hard/crtbegin.o
LOAD c:/progra~2/gnu arm embedded toolchain/9 2020-q2-update/bin/../lib/gcc/arm-none-eabi/9.3.1/../../../../arm-none-eabi/lib/thumb/v7e-m+fp/hard/crt0.o
LOAD CMakeFiles/hello_world.elf.dir/4c17dc5a00c1f2a2d14478fb96592893/boards/frdmk66f/demo_apps/hello_world/hello_world.c.obj
LOAD CMakeFiles/hello_world.elf.dir/4c17dc5a00c1f2a2d14478fb96592893/boards/frdmk66f/demo_apps/hello_world/pin_mux.c.obj
LOAD CMakeFiles/hello_world.elf.dir/4c17dc5a00c1f2a2d14478fb96592893/boards/frdmk66f/demo_apps/hello_world/board.c.obj
LOAD CMakeFiles/hello_world.elf.dir/4c17dc5a00c1f2a2d14478fb96592893/boards/frdmk66f/demo_apps/hello_world/clock_config.c.obj
LOAD CMakeFiles/hello_world.elf.dir/4c17dc5a00c1f2a2d14478fb96592893/devices/MK66F18/utilities/debug_console_lite/fsl_debug_console.c.obj
LOAD CMakeFiles/hello_world.elf.dir/D_/DanieL/Teensy/Teensy_3.6/NXP_SDK_v2.9.0/SDK_2.9.0_MK66FX1M0xxx18/components/uart/fsl_adapter_uart.c.obj
LOAD CMakeFiles/hello_world.elf.dir/e5103f61876ec3237827d5eed3bed075/SDK_2.9.0_MK66FX1M0xxx18/devices/MK66F18/drivers/fsl_common.c.obj
LOAD CMakeFiles/hello_world.elf.dir/e5103f61876ec3237827d5eed3bed075/SDK_2.9.0_MK66FX1M0xxx18/devices/MK66F18/drivers/fsl_clock.c.obj
LOAD CMakeFiles/hello_world.elf.dir/D_/DanieL/Teensy/Teensy_3.6/NXP_SDK_v2.9.0/SDK_2.9.0_MK66FX1M0xxx18/devices/MK66F18/drivers/fsl_uart.c.obj
LOAD CMakeFiles/hello_world.elf.dir/4c17dc5a00c1f2a2d14478fb96592893/devices/MK66F18/utilities/debug_console_lite/fsl_assert.c.obj
LOAD CMakeFiles/hello_world.elf.dir/D_/DanieL/Teensy/Teensy_3.6/NXP_SDK_v2.9.0/SDK_2.9.0_MK66FX1M0xxx18/devices/MK66F18/drivers/fsl_gpio.c.obj
LOAD CMakeFiles/hello_world.elf.dir/4c17dc5a00c1f2a2d14478fb96592893/devices/MK66F18/drivers/fsl_ftfx_controller.c.obj
LOAD CMakeFiles/hello_world.elf.dir/e5103f61876ec3237827d5eed3bed075/SDK_2.9.0_MK66FX1M0xxx18/devices/MK66F18/drivers/fsl_ftfx_flash.c.obj
LOAD CMakeFiles/hello_world.elf.dir/e5103f61876ec3237827d5eed3bed075/SDK_2.9.0_MK66FX1M0xxx18/devices/MK66F18/drivers/fsl_ftfx_cache.c.obj
LOAD CMakeFiles/hello_world.elf.dir/e5103f61876ec3237827d5eed3bed075/SDK_2.9.0_MK66FX1M0xxx18/devices/MK66F18/drivers/fsl_ftfx_flexnvm.c.obj
LOAD CMakeFiles/hello_world.elf.dir/4c17dc5a00c1f2a2d14478fb96592893/components/lists/fsl_component_generic_list.c.obj
LOAD CMakeFiles/hello_world.elf.dir/e5103f61876ec3237827d5eed3bed075/SDK_2.9.0_MK66FX1M0xxx18/devices/MK66F18/gcc/startup_MK66F18.S.obj
LOAD CMakeFiles/hello_world.elf.dir/D_/DanieL/Teensy/Teensy_3.6/NXP_SDK_v2.9.0/SDK_2.9.0_MK66FX1M0xxx18/devices/MK66F18/system_MK66F18.c.obj
LOAD CMakeFiles/hello_world.elf.dir/e5103f61876ec3237827d5eed3bed075/SDK_2.9.0_MK66FX1M0xxx18/devices/MK66F18/drivers/fsl_lpuart.c.obj
LOAD CMakeFiles/hello_world.elf.dir/D_/DanieL/Teensy/Teensy_3.6/NXP_SDK_v2.9.0/SDK_2.9.0_MK66FX1M0xxx18/devices/MK66F18/drivers/fsl_smc.c.obj
LOAD CMakeFiles/hello_world.elf.dir/e5103f61876ec3237827d5eed3bed075/SDK_2.9.0_MK66FX1M0xxx18/devices/MK66F18/utilities/fsl_sbrk.c.obj
START GROUP
LOAD c:/progra~2/gnu arm embedded toolchain/9 2020-q2-update/bin/../lib/gcc/arm-none-eabi/9.3.1/../../../../arm-none-eabi/lib/thumb/v7e-m+fp/hard\libm.a
LOAD c:/progra~2/gnu arm embedded toolchain/9 2020-q2-update/bin/../lib/gcc/arm-none-eabi/9.3.1/../../../../arm-none-eabi/lib/thumb/v7e-m+fp/hard\libc_nano.a
LOAD c:/progra~2/gnu arm embedded toolchain/9 2020-q2-update/bin/../lib/gcc/arm-none-eabi/9.3.1/thumb/v7e-m+fp/hard\libgcc.a
LOAD c:/progra~2/gnu arm embedded toolchain/9 2020-q2-update/bin/../lib/gcc/arm-none-eabi/9.3.1/../../../../arm-none-eabi/lib/thumb/v7e-m+fp/hard\libnosys.a
END GROUP
START GROUP
LOAD c:/progra~2/gnu arm embedded toolchain/9 2020-q2-update/bin/../lib/gcc/arm-none-eabi/9.3.1/thumb/v7e-m+fp/hard\libgcc.a
LOAD c:/progra~2/gnu arm embedded toolchain/9 2020-q2-update/bin/../lib/gcc/arm-none-eabi/9.3.1/../../../../arm-none-eabi/lib/thumb/v7e-m+fp/hard\libg_nano.a
LOAD c:/progra~2/gnu arm embedded toolchain/9 2020-q2-update/bin/../lib/gcc/arm-none-eabi/9.3.1/../../../../arm-none-eabi/lib/thumb/v7e-m+fp/hard\libc_nano.a
END GROUP
START GROUP
LOAD c:/progra~2/gnu arm embedded toolchain/9 2020-q2-update/bin/../lib/gcc/arm-none-eabi/9.3.1/thumb/v7e-m+fp/hard\libgcc.a
LOAD c:/progra~2/gnu arm embedded toolchain/9 2020-q2-update/bin/../lib/gcc/arm-none-eabi/9.3.1/../../../../arm-none-eabi/lib/thumb/v7e-m+fp/hard\libc_nano.a
LOAD c:/progra~2/gnu arm embedded toolchain/9 2020-q2-update/bin/../lib/gcc/arm-none-eabi/9.3.1/../../../../arm-none-eabi/lib/thumb/v7e-m+fp/hard\libnosys.a
END GROUP
START GROUP
LOAD c:/progra~2/gnu arm embedded toolchain/9 2020-q2-update/bin/../lib/gcc/arm-none-eabi/9.3.1/thumb/v7e-m+fp/hard\libgcc.a
LOAD c:/progra~2/gnu arm embedded toolchain/9 2020-q2-update/bin/../lib/gcc/arm-none-eabi/9.3.1/../../../../arm-none-eabi/lib/thumb/v7e-m+fp/hard\libc_nano.a
LOAD c:/progra~2/gnu arm embedded toolchain/9 2020-q2-update/bin/../lib/gcc/arm-none-eabi/9.3.1/../../../../arm-none-eabi/lib/thumb/v7e-m+fp/hard\libnosys.a
END GROUP
LOAD c:/progra~2/gnu arm embedded toolchain/9 2020-q2-update/bin/../lib/gcc/arm-none-eabi/9.3.1/thumb/v7e-m+fp/hard/crtend.o
LOAD c:/progra~2/gnu arm embedded toolchain/9 2020-q2-update/bin/../lib/gcc/arm-none-eabi/9.3.1/thumb/v7e-m+fp/hard/crtn.o
                0x00000400                HEAP_SIZE = DEFINED (__heap_size__)?__heap_size__:0x400
                0x00000400                STACK_SIZE = DEFINED (__stack_size__)?__stack_size__:0x400

.interrupts     0x00000000      0x400
                0x00000000                . = ALIGN (0x4)
 *(.isr_vector)
 .isr_vector    0x00000000      0x400 CMakeFiles/hello_world.elf.dir/e5103f61876ec3237827d5eed3bed075/SDK_2.9.0_MK66FX1M0xxx18/devices/MK66F18/gcc/startup_MK66F18.S.obj
                0x00000000                __isr_vector
                0x00000400                . = ALIGN (0x4)

.flash_config   0x00000400       0x10
                0x00000400                . = ALIGN (0x4)
 *(.FlashConfig)
 .FlashConfig   0x00000400       0x10 CMakeFiles/hello_world.elf.dir/e5103f61876ec3237827d5eed3bed075/SDK_2.9.0_MK66FX1M0xxx18/devices/MK66F18/gcc/startup_MK66F18.S.obj
                0x00000410                . = ALIGN (0x4)

.text           0x00000410     0x2564
                0x00000410                . = ALIGN (0x4)
 *(.text)
 .text          0x00000410       0x40 c:/progra~2/gnu arm embedded toolchain/9 2020-q2-update/bin/../lib/gcc/arm-none-eabi/9.3.1/thumb/v7e-m+fp/hard/crtbegin.o
 .text          0x00000450       0x7c c:/progra~2/gnu arm embedded toolchain/9 2020-q2-update/bin/../lib/gcc/arm-none-eabi/9.3.1/../../../../arm-none-eabi/lib/thumb/v7e-m+fp/hard/crt0.o
                0x00000450                _stack_init
                0x00000458                _start
                0x00000458                _mainCRTStartup
 .text          0x000004cc      0x240 CMakeFiles/hello_world.elf.dir/e5103f61876ec3237827d5eed3bed075/SDK_2.9.0_MK66FX1M0xxx18/devices/MK66F18/gcc/startup_MK66F18.S.obj
                0x000004cc                Reset_Handler
                0x00000558                DMA11_DMA27_DriverIRQHandler
                0x00000558                DebugMon_Handler
                0x00000558                PORTC_IRQHandler
                0x00000558                DMA13_DMA29_DriverIRQHandler
                0x00000558                RNG_IRQHandler
                0x00000558                SPI1_DriverIRQHandler
                0x00000558                CMP0_IRQHandler
                0x00000558                Reserved85_IRQHandler
                0x00000558                MemManage_Handler
                0x00000558                DMA_Error_DriverIRQHandler
                0x00000558                WDOG_EWM_IRQHandler
                0x00000558                UART4_ERR_DriverIRQHandler
                0x00000558                DMA4_DMA20_DriverIRQHandler
                0x00000558                DMA6_DMA22_DriverIRQHandler
                0x00000558                CAN1_DriverIRQHandler
                0x00000558                I2C0_DriverIRQHandler
                0x00000558                ENET_Transmit_DriverIRQHandler
                0x00000558                UART1_ERR_DriverIRQHandler
                0x00000558                USBHS_IRQHandler
                0x00000558                DMA15_DMA31_DriverIRQHandler
                0x00000558                SDHC_DriverIRQHandler
                0x00000558                DMA9_DMA25_DriverIRQHandler
                0x00000558                PIT0_IRQHandler
                0x00000558                DMA7_DMA23_DriverIRQHandler
                0x00000558                BusFault_Handler
                0x00000558                I2C3_DriverIRQHandler
                0x00000558                CMP2_IRQHandler
                0x00000558                LLWU_IRQHandler
                0x00000558                I2S0_Tx_DriverIRQHandler
                0x00000558                Reserved84_IRQHandler
                0x00000558                LPTMR0_IRQHandler
                0x00000558                TSI0_IRQHandler
                0x00000558                FTM2_IRQHandler
                0x00000558                DMA5_DMA21_DriverIRQHandler
                0x00000558                PORTE_IRQHandler
                0x00000558                FTM3_IRQHandler
                0x00000558                DMA14_DMA30_DriverIRQHandler
                0x00000558                CAN0_DriverIRQHandler
                0x00000558                ENET_1588_Timer_DriverIRQHandler
                0x00000558                I2C2_DriverIRQHandler
                0x00000558                MCM_IRQHandler
                0x00000558                SWI_IRQHandler
                0x00000558                ADC0_IRQHandler
                0x00000558                UsageFault_Handler
                0x00000558                DAC1_IRQHandler
                0x00000558                CMT_IRQHandler
                0x00000558                PORTA_IRQHandler
                0x00000558                FTM0_IRQHandler
                0x00000558                DMA0_DMA16_DriverIRQHandler
                0x00000558                DMA8_DMA24_DriverIRQHandler
                0x00000558                DMA2_DMA18_DriverIRQHandler
                0x00000558                CMP1_IRQHandler
                0x00000558                Reserved71_IRQHandler
                0x00000558                PORTD_IRQHandler
                0x00000558                PORTB_IRQHandler
                0x00000558                LVD_LVW_IRQHandler
                0x00000558                UART2_ERR_DriverIRQHandler
                0x00000558                SPI2_DriverIRQHandler
                0x00000558                ADC1_IRQHandler
                0x00000558                PIT1_IRQHandler
                0x00000558                TPM2_IRQHandler
                0x00000558                PIT2_IRQHandler
                0x00000558                TPM1_IRQHandler
                0x00000558                RTC_IRQHandler
                0x00000558                UART3_ERR_DriverIRQHandler
                0x00000558                PDB0_IRQHandler
                0x00000558                SPI0_DriverIRQHandler
                0x00000558                CMP3_IRQHandler
                0x00000558                DefaultISR
                0x00000558                FTM1_IRQHandler
                0x00000558                DMA12_DMA28_DriverIRQHandler
                0x00000558                ENET_Error_DriverIRQHandler
                0x00000558                PIT3_IRQHandler
                0x00000558                USB0_IRQHandler
                0x00000558                Reserved46_IRQHandler
                0x00000558                DMA3_DMA19_DriverIRQHandler
                0x00000558                RTC_Seconds_IRQHandler
                0x00000558                MCG_IRQHandler
                0x00000558                FTFE_IRQHandler
                0x00000558                DMA10_DMA26_DriverIRQHandler
                0x00000558                UART0_ERR_DriverIRQHandler
                0x00000558                DAC0_IRQHandler
                0x00000558                Read_Collision_IRQHandler
                0x00000558                DMA1_DMA17_DriverIRQHandler
                0x00000558                USBHSDCD_IRQHandler
                0x00000558                ENET_Receive_DriverIRQHandler
                0x00000558                I2C1_DriverIRQHandler
                0x00000558                USBDCD_IRQHandler
                0x00000558                I2S0_Rx_DriverIRQHandler
                0x0000055c                NMI_Handler
                0x00000560                HardFault_Handler
                0x00000564                SVC_Handler
                0x00000568                PendSV_Handler
                0x0000056c                SysTick_Handler
                0x00000570                DMA0_DMA16_IRQHandler
                0x00000574                DMA1_DMA17_IRQHandler
                0x00000578                DMA2_DMA18_IRQHandler
                0x0000057c                DMA3_DMA19_IRQHandler
                0x00000580                DMA4_DMA20_IRQHandler
                0x00000584                DMA5_DMA21_IRQHandler
                0x00000588                DMA6_DMA22_IRQHandler
                0x0000058c                DMA7_DMA23_IRQHandler
                0x00000590                DMA8_DMA24_IRQHandler
                0x00000594                DMA9_DMA25_IRQHandler
                0x00000598                DMA10_DMA26_IRQHandler
                0x0000059c                DMA11_DMA27_IRQHandler
                0x000005a0                DMA12_DMA28_IRQHandler
                0x000005a4                DMA13_DMA29_IRQHandler
                0x000005a8                DMA14_DMA30_IRQHandler
                0x000005ac                DMA15_DMA31_IRQHandler
                0x000005b0                DMA_Error_IRQHandler
                0x000005b4                I2C0_IRQHandler
                0x000005b8                I2C1_IRQHandler
                0x000005bc                SPI0_IRQHandler
                0x000005c0                SPI1_IRQHandler
                0x000005c4                I2S0_Tx_IRQHandler
                0x000005c8                I2S0_Rx_IRQHandler
                0x000005cc                UART0_RX_TX_IRQHandler
                0x000005d0                UART0_ERR_IRQHandler
                0x000005d4                UART1_RX_TX_IRQHandler
                0x000005d8                UART1_ERR_IRQHandler
                0x000005dc                UART2_RX_TX_IRQHandler
                0x000005e0                UART2_ERR_IRQHandler
                0x000005e4                UART3_RX_TX_IRQHandler
                0x000005e8                UART3_ERR_IRQHandler
                0x000005ec                SPI2_IRQHandler
                0x000005f0                UART4_RX_TX_IRQHandler
                0x000005f4                UART4_ERR_IRQHandler
                0x000005f8                I2C2_IRQHandler
                0x000005fc                CAN0_ORed_Message_buffer_IRQHandler
                0x00000600                CAN0_Bus_Off_IRQHandler
                0x00000604                CAN0_Error_IRQHandler
                0x00000608                CAN0_Tx_Warning_IRQHandler
                0x0000060c                CAN0_Rx_Warning_IRQHandler
                0x00000610                CAN0_Wake_Up_IRQHandler
                0x00000614                SDHC_IRQHandler
                0x00000618                ENET_1588_Timer_IRQHandler
                0x0000061c                ENET_Transmit_IRQHandler
                0x00000620                ENET_Receive_IRQHandler
                0x00000624                ENET_Error_IRQHandler
                0x00000628                LPUART0_IRQHandler
                0x0000062c                I2C3_IRQHandler
                0x00000630                CAN1_ORed_Message_buffer_IRQHandler
                0x00000634                CAN1_Bus_Off_IRQHandler
                0x00000638                CAN1_Error_IRQHandler
                0x0000063c                CAN1_Tx_Warning_IRQHandler
                0x00000640                CAN1_Rx_Warning_IRQHandler
                0x00000644                CAN1_Wake_Up_IRQHandler
 .text          0x0000070c       0x10 c:/progra~2/gnu arm embedded toolchain/9 2020-q2-update/bin/../lib/gcc/arm-none-eabi/9.3.1/../../../../arm-none-eabi/lib/thumb/v7e-m+fp/hard\libc_nano.a(lib_a-strlen.o)
                0x0000070c                strlen
 *(.text*)
 .text.main     0x0000071c       0x30 CMakeFiles/hello_world.elf.dir/4c17dc5a00c1f2a2d14478fb96592893/boards/frdmk66f/demo_apps/hello_world/hello_world.c.obj
                0x0000071c                main
 .text.CLOCK_EnableClock
                0x0000074c       0x34 CMakeFiles/hello_world.elf.dir/4c17dc5a00c1f2a2d14478fb96592893/boards/frdmk66f/demo_apps/hello_world/pin_mux.c.obj
 .text.PORT_SetPinMux
                0x00000780       0x3a CMakeFiles/hello_world.elf.dir/4c17dc5a00c1f2a2d14478fb96592893/boards/frdmk66f/demo_apps/hello_world/pin_mux.c.obj
 *fill*         0x000007ba        0x2 
 .text.BOARD_InitPins
                0x000007bc       0x70 CMakeFiles/hello_world.elf.dir/4c17dc5a00c1f2a2d14478fb96592893/boards/frdmk66f/demo_apps/hello_world/pin_mux.c.obj
                0x000007bc                BOARD_InitPins
 .text.BOARD_InitDebugConsole
                0x0000082c       0x22 CMakeFiles/hello_world.elf.dir/4c17dc5a00c1f2a2d14478fb96592893/boards/frdmk66f/demo_apps/hello_world/board.c.obj
                0x0000082c                BOARD_InitDebugConsole
 *fill*         0x0000084e        0x2 
 .text.CLOCK_SetSimSafeDivs
                0x00000850       0x24 CMakeFiles/hello_world.elf.dir/4c17dc5a00c1f2a2d14478fb96592893/boards/frdmk66f/demo_apps/hello_world/clock_config.c.obj
 .text.CLOCK_SetXtal0Freq
                0x00000874       0x20 CMakeFiles/hello_world.elf.dir/4c17dc5a00c1f2a2d14478fb96592893/boards/frdmk66f/demo_apps/hello_world/clock_config.c.obj
 .text.CLOCK_CONFIG_SetFllExtRefDiv
                0x00000894       0x3c CMakeFiles/hello_world.elf.dir/4c17dc5a00c1f2a2d14478fb96592893/boards/frdmk66f/demo_apps/hello_world/clock_config.c.obj
 .text.BOARD_InitBootClocks
                0x000008d0        0xc CMakeFiles/hello_world.elf.dir/4c17dc5a00c1f2a2d14478fb96592893/boards/frdmk66f/demo_apps/hello_world/clock_config.c.obj
                0x000008d0                BOARD_InitBootClocks
 .text.BOARD_BootClockRUN
                0x000008dc       0x60 CMakeFiles/hello_world.elf.dir/4c17dc5a00c1f2a2d14478fb96592893/boards/frdmk66f/demo_apps/hello_world/clock_config.c.obj
                0x000008dc                BOARD_BootClockRUN
 .text.DbgConsole_Init
                0x0000093c       0x74 CMakeFiles/hello_world.elf.dir/4c17dc5a00c1f2a2d14478fb96592893/devices/MK66F18/utilities/debug_console_lite/fsl_debug_console.c.obj
                0x0000093c                DbgConsole_Init
 .text.DbgConsole_Printf
                0x000009b0       0x40 CMakeFiles/hello_world.elf.dir/4c17dc5a00c1f2a2d14478fb96592893/devices/MK66F18/utilities/debug_console_lite/fsl_debug_console.c.obj
                0x000009b0                DbgConsole_Printf
 .text.DbgConsole_Putchar
                0x000009f0       0x30 CMakeFiles/hello_world.elf.dir/4c17dc5a00c1f2a2d14478fb96592893/devices/MK66F18/utilities/debug_console_lite/fsl_debug_console.c.obj
                0x000009f0                DbgConsole_Putchar
 .text.DbgConsole_Getchar
                0x00000a20       0x3c CMakeFiles/hello_world.elf.dir/4c17dc5a00c1f2a2d14478fb96592893/devices/MK66F18/utilities/debug_console_lite/fsl_debug_console.c.obj
                0x00000a20                DbgConsole_Getchar
 .text.DbgConsole_PrintfPaddingCharacter
                0x00000a5c       0x40 CMakeFiles/hello_world.elf.dir/4c17dc5a00c1f2a2d14478fb96592893/devices/MK66F18/utilities/debug_console_lite/fsl_debug_console.c.obj
 .text.DbgConsole_ConvertRadixNumToString
                0x00000a9c      0x110 CMakeFiles/hello_world.elf.dir/4c17dc5a00c1f2a2d14478fb96592893/devices/MK66F18/utilities/debug_console_lite/fsl_debug_console.c.obj
 .text.DbgConsole_PrintfFormattedData
                0x00000bac      0x3bc CMakeFiles/hello_world.elf.dir/4c17dc5a00c1f2a2d14478fb96592893/devices/MK66F18/utilities/debug_console_lite/fsl_debug_console.c.obj
 .text.HAL_UartGetStatus
                0x00000f68       0x22 CMakeFiles/hello_world.elf.dir/D_/DanieL/Teensy/Teensy_3.6/NXP_SDK_v2.9.0/SDK_2.9.0_MK66FX1M0xxx18/components/uart/fsl_adapter_uart.c.obj
 *fill*         0x00000f8a        0x2 
 .text.HAL_UartInit
                0x00000f8c      0x148 CMakeFiles/hello_world.elf.dir/D_/DanieL/Teensy/Teensy_3.6/NXP_SDK_v2.9.0/SDK_2.9.0_MK66FX1M0xxx18/components/uart/fsl_adapter_uart.c.obj
                0x00000f8c                HAL_UartInit
 .text.HAL_UartReceiveBlocking
                0x000010d4       0x8c CMakeFiles/hello_world.elf.dir/D_/DanieL/Teensy/Teensy_3.6/NXP_SDK_v2.9.0/SDK_2.9.0_MK66FX1M0xxx18/components/uart/fsl_adapter_uart.c.obj
                0x000010d4                HAL_UartReceiveBlocking
 .text.HAL_UartSendBlocking
                0x00001160       0x84 CMakeFiles/hello_world.elf.dir/D_/DanieL/Teensy/Teensy_3.6/NXP_SDK_v2.9.0/SDK_2.9.0_MK66FX1M0xxx18/components/uart/fsl_adapter_uart.c.obj
                0x00001160                HAL_UartSendBlocking
 .text.CLOCK_SetEr32kClock
                0x000011e4       0x30 CMakeFiles/hello_world.elf.dir/e5103f61876ec3237827d5eed3bed075/SDK_2.9.0_MK66FX1M0xxx18/devices/MK66F18/drivers/fsl_clock.c.obj
 .text.CLOCK_SetPllFllSelClock
                0x00001214       0x58 CMakeFiles/hello_world.elf.dir/e5103f61876ec3237827d5eed3bed075/SDK_2.9.0_MK66FX1M0xxx18/devices/MK66F18/drivers/fsl_clock.c.obj
 .text.OSC_SetExtRefClkConfig
                0x0000126c       0x40 CMakeFiles/hello_world.elf.dir/e5103f61876ec3237827d5eed3bed075/SDK_2.9.0_MK66FX1M0xxx18/devices/MK66F18/drivers/fsl_clock.c.obj
 .text.OSC_SetCapLoad
                0x000012ac       0x34 CMakeFiles/hello_world.elf.dir/e5103f61876ec3237827d5eed3bed075/SDK_2.9.0_MK66FX1M0xxx18/devices/MK66F18/drivers/fsl_clock.c.obj
 .text.CLOCK_GetMcgExtClkFreq
                0x000012e0       0x90 CMakeFiles/hello_world.elf.dir/e5103f61876ec3237827d5eed3bed075/SDK_2.9.0_MK66FX1M0xxx18/devices/MK66F18/drivers/fsl_clock.c.obj
 .text.CLOCK_GetFllExtRefClkFreq
                0x00001370       0xb0 CMakeFiles/hello_world.elf.dir/e5103f61876ec3237827d5eed3bed075/SDK_2.9.0_MK66FX1M0xxx18/devices/MK66F18/drivers/fsl_clock.c.obj
 .text.CLOCK_GetInternalRefClkSelectFreq
                0x00001420       0x4c CMakeFiles/hello_world.elf.dir/e5103f61876ec3237827d5eed3bed075/SDK_2.9.0_MK66FX1M0xxx18/devices/MK66F18/drivers/fsl_clock.c.obj
 .text.CLOCK_GetFllRefClkFreq
                0x0000146c       0x34 CMakeFiles/hello_world.elf.dir/e5103f61876ec3237827d5eed3bed075/SDK_2.9.0_MK66FX1M0xxx18/devices/MK66F18/drivers/fsl_clock.c.obj
 .text.CLOCK_GetPll0RefFreq
                0x000014a0        0xe CMakeFiles/hello_world.elf.dir/e5103f61876ec3237827d5eed3bed075/SDK_2.9.0_MK66FX1M0xxx18/devices/MK66F18/drivers/fsl_clock.c.obj
 *fill*         0x000014ae        0x2 
 .text.CLOCK_GetOscRangeFromFreq
                0x000014b0       0x3c CMakeFiles/hello_world.elf.dir/e5103f61876ec3237827d5eed3bed075/SDK_2.9.0_MK66FX1M0xxx18/devices/MK66F18/drivers/fsl_clock.c.obj
 .text.CLOCK_GetCoreSysClkFreq
                0x000014ec       0x28 CMakeFiles/hello_world.elf.dir/e5103f61876ec3237827d5eed3bed075/SDK_2.9.0_MK66FX1M0xxx18/devices/MK66F18/drivers/fsl_clock.c.obj
                0x000014ec                CLOCK_GetCoreSysClkFreq
 .text.CLOCK_SetSimConfig
                0x00001514       0x44 CMakeFiles/hello_world.elf.dir/e5103f61876ec3237827d5eed3bed075/SDK_2.9.0_MK66FX1M0xxx18/devices/MK66F18/drivers/fsl_clock.c.obj
                0x00001514                CLOCK_SetSimConfig
 .text.CLOCK_GetOutClkFreq
                0x00001558       0x90 CMakeFiles/hello_world.elf.dir/e5103f61876ec3237827d5eed3bed075/SDK_2.9.0_MK66FX1M0xxx18/devices/MK66F18/drivers/fsl_clock.c.obj
                0x00001558                CLOCK_GetOutClkFreq
 .text.CLOCK_GetFllFreq
                0x000015e8       0x84 CMakeFiles/hello_world.elf.dir/e5103f61876ec3237827d5eed3bed075/SDK_2.9.0_MK66FX1M0xxx18/devices/MK66F18/drivers/fsl_clock.c.obj
                0x000015e8                CLOCK_GetFllFreq
 .text.CLOCK_GetPll0Freq
                0x0000166c       0x8c CMakeFiles/hello_world.elf.dir/e5103f61876ec3237827d5eed3bed075/SDK_2.9.0_MK66FX1M0xxx18/devices/MK66F18/drivers/fsl_clock.c.obj
                0x0000166c                CLOCK_GetPll0Freq
 .text.CLOCK_GetExtPllFreq
                0x000016f8       0x18 CMakeFiles/hello_world.elf.dir/e5103f61876ec3237827d5eed3bed075/SDK_2.9.0_MK66FX1M0xxx18/devices/MK66F18/drivers/fsl_clock.c.obj
                0x000016f8                CLOCK_GetExtPllFreq
 .text.CLOCK_SetExternalRefClkConfig
                0x00001710       0x6c CMakeFiles/hello_world.elf.dir/e5103f61876ec3237827d5eed3bed075/SDK_2.9.0_MK66FX1M0xxx18/devices/MK66F18/drivers/fsl_clock.c.obj
                0x00001710                CLOCK_SetExternalRefClkConfig
 .text.CLOCK_SetInternalRefClkConfig
                0x0000177c      0x104 CMakeFiles/hello_world.elf.dir/e5103f61876ec3237827d5eed3bed075/SDK_2.9.0_MK66FX1M0xxx18/devices/MK66F18/drivers/fsl_clock.c.obj
                0x0000177c                CLOCK_SetInternalRefClkConfig
 .text.CLOCK_EnablePll0
                0x00001880       0x98 CMakeFiles/hello_world.elf.dir/e5103f61876ec3237827d5eed3bed075/SDK_2.9.0_MK66FX1M0xxx18/devices/MK66F18/drivers/fsl_clock.c.obj
                0x00001880                CLOCK_EnablePll0
 .text.CLOCK_InitOsc0
                0x00001918       0x8c CMakeFiles/hello_world.elf.dir/e5103f61876ec3237827d5eed3bed075/SDK_2.9.0_MK66FX1M0xxx18/devices/MK66F18/drivers/fsl_clock.c.obj
                0x00001918                CLOCK_InitOsc0
 .text.CLOCK_SetPbeMode
                0x000019a4       0xf8 CMakeFiles/hello_world.elf.dir/e5103f61876ec3237827d5eed3bed075/SDK_2.9.0_MK66FX1M0xxx18/devices/MK66F18/drivers/fsl_clock.c.obj
                0x000019a4                CLOCK_SetPbeMode
 .text.CLOCK_BootToPeeMode
                0x00001a9c       0x78 CMakeFiles/hello_world.elf.dir/e5103f61876ec3237827d5eed3bed075/SDK_2.9.0_MK66FX1M0xxx18/devices/MK66F18/drivers/fsl_clock.c.obj
                0x00001a9c                CLOCK_BootToPeeMode
 .text.CLOCK_EnableClock
                0x00001b14       0x34 CMakeFiles/hello_world.elf.dir/D_/DanieL/Teensy/Teensy_3.6/NXP_SDK_v2.9.0/SDK_2.9.0_MK66FX1M0xxx18/devices/MK66F18/drivers/fsl_uart.c.obj
 .text.UART_GetInstance
                0x00001b48       0x60 CMakeFiles/hello_world.elf.dir/D_/DanieL/Teensy/Teensy_3.6/NXP_SDK_v2.9.0/SDK_2.9.0_MK66FX1M0xxx18/devices/MK66F18/drivers/fsl_uart.c.obj
                0x00001b48                UART_GetInstance
 .text.UART_Init
                0x00001ba8      0x314 CMakeFiles/hello_world.elf.dir/D_/DanieL/Teensy/Teensy_3.6/NXP_SDK_v2.9.0/SDK_2.9.0_MK66FX1M0xxx18/devices/MK66F18/drivers/fsl_uart.c.obj
                0x00001ba8                UART_Init
 .text.UART_GetDefaultConfig
                0x00001ebc       0x78 CMakeFiles/hello_world.elf.dir/D_/DanieL/Teensy/Teensy_3.6/NXP_SDK_v2.9.0/SDK_2.9.0_MK66FX1M0xxx18/devices/MK66F18/drivers/fsl_uart.c.obj
                0x00001ebc                UART_GetDefaultConfig
 .text.UART_GetStatusFlags
                0x00001f34       0x48 CMakeFiles/hello_world.elf.dir/D_/DanieL/Teensy/Teensy_3.6/NXP_SDK_v2.9.0/SDK_2.9.0_MK66FX1M0xxx18/devices/MK66F18/drivers/fsl_uart.c.obj
                0x00001f34                UART_GetStatusFlags
 .text.UART_ClearStatusFlags
                0x00001f7c       0x80 CMakeFiles/hello_world.elf.dir/D_/DanieL/Teensy/Teensy_3.6/NXP_SDK_v2.9.0/SDK_2.9.0_MK66FX1M0xxx18/devices/MK66F18/drivers/fsl_uart.c.obj
                0x00001f7c                UART_ClearStatusFlags
 .text.UART_WriteBlocking
                0x00001ffc       0x50 CMakeFiles/hello_world.elf.dir/D_/DanieL/Teensy/Teensy_3.6/NXP_SDK_v2.9.0/SDK_2.9.0_MK66FX1M0xxx18/devices/MK66F18/drivers/fsl_uart.c.obj
                0x00001ffc                UART_WriteBlocking
 .text.UART_ReadBlocking
                0x0000204c      0x10c CMakeFiles/hello_world.elf.dir/D_/DanieL/Teensy/Teensy_3.6/NXP_SDK_v2.9.0/SDK_2.9.0_MK66FX1M0xxx18/devices/MK66F18/drivers/fsl_uart.c.obj
                0x0000204c                UART_ReadBlocking
 .text.UART0_DriverIRQHandler
                0x00002158       0x28 CMakeFiles/hello_world.elf.dir/D_/DanieL/Teensy/Teensy_3.6/NXP_SDK_v2.9.0/SDK_2.9.0_MK66FX1M0xxx18/devices/MK66F18/drivers/fsl_uart.c.obj
                0x00002158                UART0_DriverIRQHandler
 .text.UART0_RX_TX_DriverIRQHandler
                0x00002180       0x12 CMakeFiles/hello_world.elf.dir/D_/DanieL/Teensy/Teensy_3.6/NXP_SDK_v2.9.0/SDK_2.9.0_MK66FX1M0xxx18/devices/MK66F18/drivers/fsl_uart.c.obj
                0x00002180                UART0_RX_TX_DriverIRQHandler
 *fill*         0x00002192        0x2 
 .text.UART1_DriverIRQHandler
                0x00002194       0x28 CMakeFiles/hello_world.elf.dir/D_/DanieL/Teensy/Teensy_3.6/NXP_SDK_v2.9.0/SDK_2.9.0_MK66FX1M0xxx18/devices/MK66F18/drivers/fsl_uart.c.obj
                0x00002194                UART1_DriverIRQHandler
 .text.UART1_RX_TX_DriverIRQHandler
                0x000021bc       0x12 CMakeFiles/hello_world.elf.dir/D_/DanieL/Teensy/Teensy_3.6/NXP_SDK_v2.9.0/SDK_2.9.0_MK66FX1M0xxx18/devices/MK66F18/drivers/fsl_uart.c.obj
                0x000021bc                UART1_RX_TX_DriverIRQHandler
 *fill*         0x000021ce        0x2 
 .text.UART2_DriverIRQHandler
                0x000021d0       0x28 CMakeFiles/hello_world.elf.dir/D_/DanieL/Teensy/Teensy_3.6/NXP_SDK_v2.9.0/SDK_2.9.0_MK66FX1M0xxx18/devices/MK66F18/drivers/fsl_uart.c.obj
                0x000021d0                UART2_DriverIRQHandler
 .text.UART2_RX_TX_DriverIRQHandler
                0x000021f8       0x12 CMakeFiles/hello_world.elf.dir/D_/DanieL/Teensy/Teensy_3.6/NXP_SDK_v2.9.0/SDK_2.9.0_MK66FX1M0xxx18/devices/MK66F18/drivers/fsl_uart.c.obj
                0x000021f8                UART2_RX_TX_DriverIRQHandler
 *fill*         0x0000220a        0x2 
 .text.UART3_DriverIRQHandler
                0x0000220c       0x28 CMakeFiles/hello_world.elf.dir/D_/DanieL/Teensy/Teensy_3.6/NXP_SDK_v2.9.0/SDK_2.9.0_MK66FX1M0xxx18/devices/MK66F18/drivers/fsl_uart.c.obj
                0x0000220c                UART3_DriverIRQHandler
 .text.UART3_RX_TX_DriverIRQHandler
                0x00002234       0x12 CMakeFiles/hello_world.elf.dir/D_/DanieL/Teensy/Teensy_3.6/NXP_SDK_v2.9.0/SDK_2.9.0_MK66FX1M0xxx18/devices/MK66F18/drivers/fsl_uart.c.obj
                0x00002234                UART3_RX_TX_DriverIRQHandler
 *fill*         0x00002246        0x2 
 .text.UART4_DriverIRQHandler
                0x00002248       0x28 CMakeFiles/hello_world.elf.dir/D_/DanieL/Teensy/Teensy_3.6/NXP_SDK_v2.9.0/SDK_2.9.0_MK66FX1M0xxx18/devices/MK66F18/drivers/fsl_uart.c.obj
                0x00002248                UART4_DriverIRQHandler
 .text.UART4_RX_TX_DriverIRQHandler
                0x00002270       0x12 CMakeFiles/hello_world.elf.dir/D_/DanieL/Teensy/Teensy_3.6/NXP_SDK_v2.9.0/SDK_2.9.0_MK66FX1M0xxx18/devices/MK66F18/drivers/fsl_uart.c.obj
                0x00002270                UART4_RX_TX_DriverIRQHandler
 *fill*         0x00002282        0x2 
 .text.__assert_func
                0x00002284       0x28 CMakeFiles/hello_world.elf.dir/4c17dc5a00c1f2a2d14478fb96592893/devices/MK66F18/utilities/debug_console_lite/fsl_assert.c.obj
                0x00002284                __assert_func
 .text.SystemInit
                0x000022ac       0x3c CMakeFiles/hello_world.elf.dir/D_/DanieL/Teensy/Teensy_3.6/NXP_SDK_v2.9.0/SDK_2.9.0_MK66FX1M0xxx18/devices/MK66F18/system_MK66F18.c.obj
                0x000022ac                SystemInit
 .text.SystemInitHook
                0x000022e8        0xe CMakeFiles/hello_world.elf.dir/D_/DanieL/Teensy/Teensy_3.6/NXP_SDK_v2.9.0/SDK_2.9.0_MK66FX1M0xxx18/devices/MK66F18/system_MK66F18.c.obj
                0x000022e8                SystemInitHook
 *fill*         0x000022f6        0x2 
 .text.LPUART0_DriverIRQHandler
                0x000022f8       0x28 CMakeFiles/hello_world.elf.dir/e5103f61876ec3237827d5eed3bed075/SDK_2.9.0_MK66FX1M0xxx18/devices/MK66F18/drivers/fsl_lpuart.c.obj
                0x000022f8                LPUART0_DriverIRQHandler
 .text.exit     0x00002320       0x28 c:/progra~2/gnu arm embedded toolchain/9 2020-q2-update/bin/../lib/gcc/arm-none-eabi/9.3.1/../../../../arm-none-eabi/lib/thumb/v7e-m+fp/hard\libc_nano.a(lib_a-exit.o)
                0x00002320                exit
 .text.__libc_init_array
                0x00002348       0x48 c:/progra~2/gnu arm embedded toolchain/9 2020-q2-update/bin/../lib/gcc/arm-none-eabi/9.3.1/../../../../arm-none-eabi/lib/thumb/v7e-m+fp/hard\libc_nano.a(lib_a-init.o)
                0x00002348                __libc_init_array
 .text.memset   0x00002390       0x10 c:/progra~2/gnu arm embedded toolchain/9 2020-q2-update/bin/../lib/gcc/arm-none-eabi/9.3.1/../../../../arm-none-eabi/lib/thumb/v7e-m+fp/hard\libc_nano.a(lib_a-memset.o)
                0x00002390                memset
 .text._exit    0x000023a0        0x4 c:/progra~2/gnu arm embedded toolchain/9 2020-q2-update/bin/../lib/gcc/arm-none-eabi/9.3.1/../../../../arm-none-eabi/lib/thumb/v7e-m+fp/hard\libnosys.a(_exit.o)
                0x000023a0                _exit
 *(.rodata)
 .rodata        0x000023a4        0xf CMakeFiles/hello_world.elf.dir/4c17dc5a00c1f2a2d14478fb96592893/boards/frdmk66f/demo_apps/hello_world/hello_world.c.obj
 *fill*         0x000023b3        0x1 
 .rodata        0x000023b4       0xf3 CMakeFiles/hello_world.elf.dir/D_/DanieL/Teensy/Teensy_3.6/NXP_SDK_v2.9.0/SDK_2.9.0_MK66FX1M0xxx18/components/uart/fsl_adapter_uart.c.obj
 *fill*         0x000024a7        0x1 
 .rodata        0x000024a8      0x166 CMakeFiles/hello_world.elf.dir/e5103f61876ec3237827d5eed3bed075/SDK_2.9.0_MK66FX1M0xxx18/devices/MK66F18/drivers/fsl_clock.c.obj
 *fill*         0x0000260e        0x2 
 .rodata        0x00002610      0x1aa CMakeFiles/hello_world.elf.dir/D_/DanieL/Teensy/Teensy_3.6/NXP_SDK_v2.9.0/SDK_2.9.0_MK66FX1M0xxx18/devices/MK66F18/drivers/fsl_uart.c.obj
 *fill*         0x000027ba        0x2 
 .rodata        0x000027bc       0x3e CMakeFiles/hello_world.elf.dir/4c17dc5a00c1f2a2d14478fb96592893/devices/MK66F18/utilities/debug_console_lite/fsl_assert.c.obj
 *(.rodata*)
 *fill*         0x000027fa        0x2 
 .rodata.mcgConfig_BOARD_BootClockRUN
                0x000027fc        0xc CMakeFiles/hello_world.elf.dir/4c17dc5a00c1f2a2d14478fb96592893/boards/frdmk66f/demo_apps/hello_world/clock_config.c.obj
                0x000027fc                mcgConfig_BOARD_BootClockRUN
 .rodata.simConfig_BOARD_BootClockRUN
                0x00002808        0x8 CMakeFiles/hello_world.elf.dir/4c17dc5a00c1f2a2d14478fb96592893/boards/frdmk66f/demo_apps/hello_world/clock_config.c.obj
                0x00002808                simConfig_BOARD_BootClockRUN
 .rodata.oscConfig_BOARD_BootClockRUN
                0x00002810        0x8 CMakeFiles/hello_world.elf.dir/4c17dc5a00c1f2a2d14478fb96592893/boards/frdmk66f/demo_apps/hello_world/clock_config.c.obj
                0x00002810                oscConfig_BOARD_BootClockRUN
 .rodata.s_UartAdapterBase
                0x00002818       0x14 CMakeFiles/hello_world.elf.dir/D_/DanieL/Teensy/Teensy_3.6/NXP_SDK_v2.9.0/SDK_2.9.0_MK66FX1M0xxx18/components/uart/fsl_adapter_uart.c.obj
 .rodata.__func__.9078
                0x0000282c        0xd CMakeFiles/hello_world.elf.dir/D_/DanieL/Teensy/Teensy_3.6/NXP_SDK_v2.9.0/SDK_2.9.0_MK66FX1M0xxx18/components/uart/fsl_adapter_uart.c.obj
 *fill*         0x00002839        0x3 
 .rodata.__func__.9091
                0x0000283c       0x18 CMakeFiles/hello_world.elf.dir/D_/DanieL/Teensy/Teensy_3.6/NXP_SDK_v2.9.0/SDK_2.9.0_MK66FX1M0xxx18/components/uart/fsl_adapter_uart.c.obj
 .rodata.__func__.9098
                0x00002854       0x15 CMakeFiles/hello_world.elf.dir/D_/DanieL/Teensy/Teensy_3.6/NXP_SDK_v2.9.0/SDK_2.9.0_MK66FX1M0xxx18/components/uart/fsl_adapter_uart.c.obj
 *fill*         0x00002869        0x3 
 .rodata.__func__.8813
                0x0000286c       0x17 CMakeFiles/hello_world.elf.dir/e5103f61876ec3237827d5eed3bed075/SDK_2.9.0_MK66FX1M0xxx18/devices/MK66F18/drivers/fsl_clock.c.obj
 *fill*         0x00002883        0x1 
 .rodata.fllFactorTable.8989
                0x00002884       0x10 CMakeFiles/hello_world.elf.dir/e5103f61876ec3237827d5eed3bed075/SDK_2.9.0_MK66FX1M0xxx18/devices/MK66F18/drivers/fsl_clock.c.obj
 .rodata.__func__.9010
                0x00002894       0x12 CMakeFiles/hello_world.elf.dir/e5103f61876ec3237827d5eed3bed075/SDK_2.9.0_MK66FX1M0xxx18/devices/MK66F18/drivers/fsl_clock.c.obj
 *fill*         0x000028a6        0x2 
 .rodata.__func__.9061
                0x000028a8       0x11 CMakeFiles/hello_world.elf.dir/e5103f61876ec3237827d5eed3bed075/SDK_2.9.0_MK66FX1M0xxx18/devices/MK66F18/drivers/fsl_clock.c.obj
 *fill*         0x000028b9        0x3 
 .rodata.__func__.9214
                0x000028bc       0x11 CMakeFiles/hello_world.elf.dir/e5103f61876ec3237827d5eed3bed075/SDK_2.9.0_MK66FX1M0xxx18/devices/MK66F18/drivers/fsl_clock.c.obj
 *fill*         0x000028cd        0x3 
 .rodata.__func__.9284
                0x000028d0       0x14 CMakeFiles/hello_world.elf.dir/e5103f61876ec3237827d5eed3bed075/SDK_2.9.0_MK66FX1M0xxx18/devices/MK66F18/drivers/fsl_clock.c.obj
 .rodata.s_uartBases
                0x000028e4       0x14 CMakeFiles/hello_world.elf.dir/D_/DanieL/Teensy/Teensy_3.6/NXP_SDK_v2.9.0/SDK_2.9.0_MK66FX1M0xxx18/devices/MK66F18/drivers/fsl_uart.c.obj
 .rodata.s_uartClock
                0x000028f8       0x14 CMakeFiles/hello_world.elf.dir/D_/DanieL/Teensy/Teensy_3.6/NXP_SDK_v2.9.0/SDK_2.9.0_MK66FX1M0xxx18/devices/MK66F18/drivers/fsl_uart.c.obj
 .rodata.__func__.9041
                0x0000290c       0x11 CMakeFiles/hello_world.elf.dir/D_/DanieL/Teensy/Teensy_3.6/NXP_SDK_v2.9.0/SDK_2.9.0_MK66FX1M0xxx18/devices/MK66F18/drivers/fsl_uart.c.obj
 *fill*         0x0000291d        0x3 
 .rodata.__func__.9059
                0x00002920        0xa CMakeFiles/hello_world.elf.dir/D_/DanieL/Teensy/Teensy_3.6/NXP_SDK_v2.9.0/SDK_2.9.0_MK66FX1M0xxx18/devices/MK66F18/drivers/fsl_uart.c.obj
 *fill*         0x0000292a        0x2 
 .rodata.__func__.9077
                0x0000292c       0x16 CMakeFiles/hello_world.elf.dir/D_/DanieL/Teensy/Teensy_3.6/NXP_SDK_v2.9.0/SDK_2.9.0_MK66FX1M0xxx18/devices/MK66F18/drivers/fsl_uart.c.obj
 *fill*         0x00002942        0x2 
 .rodata.__func__.9151
                0x00002944       0x12 CMakeFiles/hello_world.elf.dir/D_/DanieL/Teensy/Teensy_3.6/NXP_SDK_v2.9.0/SDK_2.9.0_MK66FX1M0xxx18/devices/MK66F18/drivers/fsl_uart.c.obj
 *fill*         0x00002956        0x2 
 .rodata._global_impure_ptr
                0x00002958        0x4 c:/progra~2/gnu arm embedded toolchain/9 2020-q2-update/bin/../lib/gcc/arm-none-eabi/9.3.1/../../../../arm-none-eabi/lib/thumb/v7e-m+fp/hard\libc_nano.a(lib_a-impure.o)
                0x00002958                _global_impure_ptr
 *(.glue_7)
 .glue_7        0x0000295c        0x0 linker stubs
 *(.glue_7t)
 .glue_7t       0x0000295c        0x0 linker stubs
 *(.eh_frame)
 .eh_frame      0x0000295c        0x0 c:/progra~2/gnu arm embedded toolchain/9 2020-q2-update/bin/../lib/gcc/arm-none-eabi/9.3.1/thumb/v7e-m+fp/hard/crtbegin.o
 *(.init)
 .init          0x0000295c        0x4 c:/progra~2/gnu arm embedded toolchain/9 2020-q2-update/bin/../lib/gcc/arm-none-eabi/9.3.1/thumb/v7e-m+fp/hard/crti.o
                0x0000295c                _init
 .init          0x00002960        0x8 c:/progra~2/gnu arm embedded toolchain/9 2020-q2-update/bin/../lib/gcc/arm-none-eabi/9.3.1/thumb/v7e-m+fp/hard/crtn.o
 *(.fini)
 .fini          0x00002968        0x4 c:/progra~2/gnu arm embedded toolchain/9 2020-q2-update/bin/../lib/gcc/arm-none-eabi/9.3.1/thumb/v7e-m+fp/hard/crti.o
                0x00002968                _fini
 .fini          0x0000296c        0x8 c:/progra~2/gnu arm embedded toolchain/9 2020-q2-update/bin/../lib/gcc/arm-none-eabi/9.3.1/thumb/v7e-m+fp/hard/crtn.o
                0x00002974                . = ALIGN (0x4)

.vfp11_veneer   0x00002974        0x0
 .vfp11_veneer  0x00002974        0x0 linker stubs

.v4_bx          0x00002974        0x0
 .v4_bx         0x00002974        0x0 linker stubs

.iplt           0x00002974        0x0
 .iplt          0x00002974        0x0 c:/progra~2/gnu arm embedded toolchain/9 2020-q2-update/bin/../lib/gcc/arm-none-eabi/9.3.1/thumb/v7e-m+fp/hard/crtbegin.o

.ARM.extab
 *(.ARM.extab* .gnu.linkonce.armextab.*)

.ARM            0x00002974        0x8
                0x00002974                __exidx_start = .
 *(.ARM.exidx*)
 .ARM.exidx     0x00002974        0x8 c:/progra~2/gnu arm embedded toolchain/9 2020-q2-update/bin/../lib/gcc/arm-none-eabi/9.3.1/../../../../arm-none-eabi/lib/thumb/v7e-m+fp/hard/crt0.o
                                 0x10 (size before relaxing)
                0x0000297c                __exidx_end = .

.rel.dyn        0x0000297c        0x0
 .rel.iplt      0x0000297c        0x0 c:/progra~2/gnu arm embedded toolchain/9 2020-q2-update/bin/../lib/gcc/arm-none-eabi/9.3.1/thumb/v7e-m+fp/hard/crtbegin.o

.ctors          0x0000297c        0x0
                0x0000297c                __CTOR_LIST__ = .
 *crtbegin.o(.ctors)
 *crtbegin?.o(.ctors)
 *(EXCLUDE_FILE(*crtend.o *crtend?.o) .ctors)
 *(SORT_BY_NAME(.ctors.*))
 *(.ctors)
                0x0000297c                __CTOR_END__ = .

.dtors          0x0000297c        0x0
                0x0000297c                __DTOR_LIST__ = .
 *crtbegin.o(.dtors)
 *crtbegin?.o(.dtors)
 *(EXCLUDE_FILE(*crtend.o *crtend?.o) .dtors)
 *(SORT_BY_NAME(.dtors.*))
 *(.dtors)
                0x0000297c                __DTOR_END__ = .

.preinit_array  0x0000297c        0x0
                0x0000297c                PROVIDE (__preinit_array_start = .)
 *(.preinit_array*)
                0x0000297c                PROVIDE (__preinit_array_end = .)

.init_array     0x0000297c        0x4
                0x0000297c                PROVIDE (__init_array_start = .)
 *(SORT_BY_NAME(.init_array.*))
 *(.init_array*)
 .init_array    0x0000297c        0x4 c:/progra~2/gnu arm embedded toolchain/9 2020-q2-update/bin/../lib/gcc/arm-none-eabi/9.3.1/thumb/v7e-m+fp/hard/crtbegin.o
                0x00002980                PROVIDE (__init_array_end = .)

.fini_array     0x00002980        0x4
                [!provide]                PROVIDE (__fini_array_start = .)
 *(SORT_BY_NAME(.fini_array.*))
 *(.fini_array*)
 .fini_array    0x00002980        0x4 c:/progra~2/gnu arm embedded toolchain/9 2020-q2-update/bin/../lib/gcc/arm-none-eabi/9.3.1/thumb/v7e-m+fp/hard/crtbegin.o
                [!provide]                PROVIDE (__fini_array_end = .)
                0x00002984                __etext = .
                0x00002984                __DATA_ROM = .

.data           0x1fff0000       0x6c load address 0x00002984
                0x1fff0000                . = ALIGN (0x4)
                0x1fff0000                __DATA_RAM = .
                0x1fff0000                __data_start__ = .
 *(.data)
 *(.data*)
 .data.s_slowIrcFreq
                0x1fff0000        0x4 CMakeFiles/hello_world.elf.dir/e5103f61876ec3237827d5eed3bed075/SDK_2.9.0_MK66FX1M0xxx18/devices/MK66F18/drivers/fsl_clock.c.obj
 .data.s_fastIrcFreq
                0x1fff0004        0x4 CMakeFiles/hello_world.elf.dir/e5103f61876ec3237827d5eed3bed075/SDK_2.9.0_MK66FX1M0xxx18/devices/MK66F18/drivers/fsl_clock.c.obj
 .data.SystemCoreClock
                0x1fff0008        0x4 CMakeFiles/hello_world.elf.dir/D_/DanieL/Teensy/Teensy_3.6/NXP_SDK_v2.9.0/SDK_2.9.0_MK66FX1M0xxx18/devices/MK66F18/system_MK66F18.c.obj
                0x1fff0008                SystemCoreClock
 .data.impure_data
                0x1fff000c       0x60 c:/progra~2/gnu arm embedded toolchain/9 2020-q2-update/bin/../lib/gcc/arm-none-eabi/9.3.1/../../../../arm-none-eabi/lib/thumb/v7e-m+fp/hard\libc_nano.a(lib_a-impure.o)
 *(.jcr*)
                0x1fff006c                . = ALIGN (0x4)
                0x1fff006c                __data_end__ = .
                0x000029f0                __NDATA_ROM = (__DATA_ROM + (__data_end__ - __data_start__))

.igot.plt       0x1fff006c        0x0 load address 0x000029f0
 .igot.plt      0x1fff006c        0x0 c:/progra~2/gnu arm embedded toolchain/9 2020-q2-update/bin/../lib/gcc/arm-none-eabi/9.3.1/thumb/v7e-m+fp/hard/crtbegin.o

.ncache.init    0x1fff006c        0x0 load address 0x000029f0
                0x1fff006c                __noncachedata_start__ = .
 *(NonCacheable.init)
                0x1fff006c                . = ALIGN (0x4)
                0x1fff006c                __noncachedata_init_end__ = .
                0x1fff006c                . = __noncachedata_init_end__

.ncache         0x1fff006c        0x0
 *(NonCacheable)
                0x1fff006c                . = ALIGN (0x4)
                0x1fff006c                __noncachedata_end__ = .
                0x000029f0                __DATA_END = (__NDATA_ROM + (__noncachedata_init_end__ - __noncachedata_start__))
                0x00200000                text_end = (ORIGIN (m_text) + LENGTH (m_text))
                0x00000001                ASSERT ((__DATA_END <= text_end), region m_text overflowed with text and data)

.bss            0x1fff006c       0x5c load address 0x000029f0
                0x1fff006c                . = ALIGN (0x4)
                0x1fff006c                __START_BSS = .
                0x1fff006c                __bss_start__ = .
 *(.bss)
 .bss           0x1fff006c       0x1c c:/progra~2/gnu arm embedded toolchain/9 2020-q2-update/bin/../lib/gcc/arm-none-eabi/9.3.1/thumb/v7e-m+fp/hard/crtbegin.o
 *(.bss*)
 .bss.s_debugConsole
                0x1fff0088       0x14 CMakeFiles/hello_world.elf.dir/4c17dc5a00c1f2a2d14478fb96592893/devices/MK66F18/utilities/debug_console_lite/fsl_debug_console.c.obj
 .bss.s_extPllFreq
                0x1fff009c        0x4 CMakeFiles/hello_world.elf.dir/e5103f61876ec3237827d5eed3bed075/SDK_2.9.0_MK66FX1M0xxx18/devices/MK66F18/drivers/fsl_clock.c.obj
 .bss.g_xtal0Freq
                0x1fff00a0        0x4 CMakeFiles/hello_world.elf.dir/e5103f61876ec3237827d5eed3bed075/SDK_2.9.0_MK66FX1M0xxx18/devices/MK66F18/drivers/fsl_clock.c.obj
                0x1fff00a0                g_xtal0Freq
 .bss.g_xtal32Freq
                0x1fff00a4        0x4 CMakeFiles/hello_world.elf.dir/e5103f61876ec3237827d5eed3bed075/SDK_2.9.0_MK66FX1M0xxx18/devices/MK66F18/drivers/fsl_clock.c.obj
                0x1fff00a4                g_xtal32Freq
 .bss.s_uartHandle
                0x1fff00a8       0x14 CMakeFiles/hello_world.elf.dir/D_/DanieL/Teensy/Teensy_3.6/NXP_SDK_v2.9.0/SDK_2.9.0_MK66FX1M0xxx18/devices/MK66F18/drivers/fsl_uart.c.obj
 .bss.s_uartIsr
                0x1fff00bc        0x4 CMakeFiles/hello_world.elf.dir/D_/DanieL/Teensy/Teensy_3.6/NXP_SDK_v2.9.0/SDK_2.9.0_MK66FX1M0xxx18/devices/MK66F18/drivers/fsl_uart.c.obj
 .bss.s_lpuartHandle
                0x1fff00c0        0x4 CMakeFiles/hello_world.elf.dir/e5103f61876ec3237827d5eed3bed075/SDK_2.9.0_MK66FX1M0xxx18/devices/MK66F18/drivers/fsl_lpuart.c.obj
 .bss.s_lpuartIsr
                0x1fff00c4        0x4 CMakeFiles/hello_world.elf.dir/e5103f61876ec3237827d5eed3bed075/SDK_2.9.0_MK66FX1M0xxx18/devices/MK66F18/drivers/fsl_lpuart.c.obj
 *(COMMON)
                0x1fff00c8                . = ALIGN (0x4)
                0x1fff00c8                __bss_end__ = .
                0x1fff00c8                __END_BSS = .

.heap           0x20000000      0x400
                0x20000000                . = ALIGN (0x8)
                0x20000000                __end__ = .
                0x20000000                PROVIDE (end = .)
                0x20000000                __HeapBase = .
                0x20000400                . = (. + HEAP_SIZE)
 *fill*         0x20000000      0x400 
                0x20000400                __HeapLimit = .
                0x20000400                __heap_limit = .

.stack          0x20000400      0x400
                0x20000400                . = ALIGN (0x8)
                0x20000800                . = (. + STACK_SIZE)
 *fill*         0x20000400      0x400 
                0x20030000                __StackTop = (ORIGIN (m_data_2) + LENGTH (m_data_2))
                0x2002fc00                __StackLimit = (__StackTop - STACK_SIZE)
                0x20030000                PROVIDE (__stack = __StackTop)

.ARM.attributes
                0x00000000       0x30
 *(.ARM.attributes)
 .ARM.attributes
                0x00000000       0x1e c:/progra~2/gnu arm embedded toolchain/9 2020-q2-update/bin/../lib/gcc/arm-none-eabi/9.3.1/thumb/v7e-m+fp/hard/crti.o
 .ARM.attributes
                0x0000001e       0x34 c:/progra~2/gnu arm embedded toolchain/9 2020-q2-update/bin/../lib/gcc/arm-none-eabi/9.3.1/thumb/v7e-m+fp/hard/crtbegin.o
 .ARM.attributes
                0x00000052       0x1c c:/progra~2/gnu arm embedded toolchain/9 2020-q2-update/bin/../lib/gcc/arm-none-eabi/9.3.1/../../../../arm-none-eabi/lib/thumb/v7e-m+fp/hard/crt0.o
 .ARM.attributes
                0x0000006e       0x34 CMakeFiles/hello_world.elf.dir/4c17dc5a00c1f2a2d14478fb96592893/boards/frdmk66f/demo_apps/hello_world/hello_world.c.obj
 .ARM.attributes
                0x000000a2       0x34 CMakeFiles/hello_world.elf.dir/4c17dc5a00c1f2a2d14478fb96592893/boards/frdmk66f/demo_apps/hello_world/pin_mux.c.obj
 .ARM.attributes
                0x000000d6       0x34 CMakeFiles/hello_world.elf.dir/4c17dc5a00c1f2a2d14478fb96592893/boards/frdmk66f/demo_apps/hello_world/board.c.obj
 .ARM.attributes
                0x0000010a       0x34 CMakeFiles/hello_world.elf.dir/4c17dc5a00c1f2a2d14478fb96592893/boards/frdmk66f/demo_apps/hello_world/clock_config.c.obj
 .ARM.attributes
                0x0000013e       0x34 CMakeFiles/hello_world.elf.dir/4c17dc5a00c1f2a2d14478fb96592893/devices/MK66F18/utilities/debug_console_lite/fsl_debug_console.c.obj
 .ARM.attributes
                0x00000172       0x34 CMakeFiles/hello_world.elf.dir/D_/DanieL/Teensy/Teensy_3.6/NXP_SDK_v2.9.0/SDK_2.9.0_MK66FX1M0xxx18/components/uart/fsl_adapter_uart.c.obj
 .ARM.attributes
                0x000001a6       0x34 CMakeFiles/hello_world.elf.dir/e5103f61876ec3237827d5eed3bed075/SDK_2.9.0_MK66FX1M0xxx18/devices/MK66F18/drivers/fsl_clock.c.obj
 .ARM.attributes
                0x000001da       0x34 CMakeFiles/hello_world.elf.dir/D_/DanieL/Teensy/Teensy_3.6/NXP_SDK_v2.9.0/SDK_2.9.0_MK66FX1M0xxx18/devices/MK66F18/drivers/fsl_uart.c.obj
 .ARM.attributes
                0x0000020e       0x34 CMakeFiles/hello_world.elf.dir/4c17dc5a00c1f2a2d14478fb96592893/devices/MK66F18/utilities/debug_console_lite/fsl_assert.c.obj
 .ARM.attributes
                0x00000242       0x1f CMakeFiles/hello_world.elf.dir/e5103f61876ec3237827d5eed3bed075/SDK_2.9.0_MK66FX1M0xxx18/devices/MK66F18/gcc/startup_MK66F18.S.obj
 .ARM.attributes
                0x00000261       0x34 CMakeFiles/hello_world.elf.dir/D_/DanieL/Teensy/Teensy_3.6/NXP_SDK_v2.9.0/SDK_2.9.0_MK66FX1M0xxx18/devices/MK66F18/system_MK66F18.c.obj
 .ARM.attributes
                0x00000295       0x34 CMakeFiles/hello_world.elf.dir/e5103f61876ec3237827d5eed3bed075/SDK_2.9.0_MK66FX1M0xxx18/devices/MK66F18/drivers/fsl_lpuart.c.obj
 .ARM.attributes
                0x000002c9       0x34 c:/progra~2/gnu arm embedded toolchain/9 2020-q2-update/bin/../lib/gcc/arm-none-eabi/9.3.1/../../../../arm-none-eabi/lib/thumb/v7e-m+fp/hard\libc_nano.a(lib_a-exit.o)
 .ARM.attributes
                0x000002fd       0x32 c:/progra~2/gnu arm embedded toolchain/9 2020-q2-update/bin/../lib/gcc/arm-none-eabi/9.3.1/../../../../arm-none-eabi/lib/thumb/v7e-m+fp/hard\libc_nano.a(lib_a-impure.o)
 .ARM.attributes
                0x0000032f       0x34 c:/progra~2/gnu arm embedded toolchain/9 2020-q2-update/bin/../lib/gcc/arm-none-eabi/9.3.1/../../../../arm-none-eabi/lib/thumb/v7e-m+fp/hard\libc_nano.a(lib_a-init.o)
 .ARM.attributes
                0x00000363       0x34 c:/progra~2/gnu arm embedded toolchain/9 2020-q2-update/bin/../lib/gcc/arm-none-eabi/9.3.1/../../../../arm-none-eabi/lib/thumb/v7e-m+fp/hard\libc_nano.a(lib_a-memset.o)
 .ARM.attributes
                0x00000397       0x17 c:/progra~2/gnu arm embedded toolchain/9 2020-q2-update/bin/../lib/gcc/arm-none-eabi/9.3.1/../../../../arm-none-eabi/lib/thumb/v7e-m+fp/hard\libc_nano.a(lib_a-strlen.o)
 .ARM.attributes
                0x000003ae       0x34 c:/progra~2/gnu arm embedded toolchain/9 2020-q2-update/bin/../lib/gcc/arm-none-eabi/9.3.1/../../../../arm-none-eabi/lib/thumb/v7e-m+fp/hard\libnosys.a(_exit.o)
 .ARM.attributes
                0x000003e2       0x1e c:/progra~2/gnu arm embedded toolchain/9 2020-q2-update/bin/../lib/gcc/arm-none-eabi/9.3.1/thumb/v7e-m+fp/hard/crtn.o
                0x00000001                ASSERT ((__StackLimit >= __HeapLimit), region m_data_2 overflowed with stack and heap)
OUTPUT(debug\hello_world.elf elf32-littlearm)
LOAD linker stubs

.debug_info     0x00000000    0x10288
 .debug_info    0x00000000      0xd72 CMakeFiles/hello_world.elf.dir/4c17dc5a00c1f2a2d14478fb96592893/boards/frdmk66f/demo_apps/hello_world/hello_world.c.obj
 .debug_info    0x00000d72      0xfbc CMakeFiles/hello_world.elf.dir/4c17dc5a00c1f2a2d14478fb96592893/boards/frdmk66f/demo_apps/hello_world/pin_mux.c.obj
 .debug_info    0x00001d2e      0xd8e CMakeFiles/hello_world.elf.dir/4c17dc5a00c1f2a2d14478fb96592893/boards/frdmk66f/demo_apps/hello_world/board.c.obj
 .debug_info    0x00002abc     0x15ad CMakeFiles/hello_world.elf.dir/4c17dc5a00c1f2a2d14478fb96592893/boards/frdmk66f/demo_apps/hello_world/clock_config.c.obj
 .debug_info    0x00004069     0x150a CMakeFiles/hello_world.elf.dir/4c17dc5a00c1f2a2d14478fb96592893/devices/MK66F18/utilities/debug_console_lite/fsl_debug_console.c.obj
 .debug_info    0x00005573     0x14a6 CMakeFiles/hello_world.elf.dir/D_/DanieL/Teensy/Teensy_3.6/NXP_SDK_v2.9.0/SDK_2.9.0_MK66FX1M0xxx18/components/uart/fsl_adapter_uart.c.obj
 .debug_info    0x00006a19     0x337c CMakeFiles/hello_world.elf.dir/e5103f61876ec3237827d5eed3bed075/SDK_2.9.0_MK66FX1M0xxx18/devices/MK66F18/drivers/fsl_clock.c.obj
 .debug_info    0x00009d95     0x299c CMakeFiles/hello_world.elf.dir/D_/DanieL/Teensy/Teensy_3.6/NXP_SDK_v2.9.0/SDK_2.9.0_MK66FX1M0xxx18/devices/MK66F18/drivers/fsl_uart.c.obj
 .debug_info    0x0000c731      0x9bc CMakeFiles/hello_world.elf.dir/4c17dc5a00c1f2a2d14478fb96592893/devices/MK66F18/utilities/debug_console_lite/fsl_assert.c.obj
 .debug_info    0x0000d0ed       0x26 CMakeFiles/hello_world.elf.dir/e5103f61876ec3237827d5eed3bed075/SDK_2.9.0_MK66FX1M0xxx18/devices/MK66F18/gcc/startup_MK66F18.S.obj
 .debug_info    0x0000d113      0xa68 CMakeFiles/hello_world.elf.dir/D_/DanieL/Teensy/Teensy_3.6/NXP_SDK_v2.9.0/SDK_2.9.0_MK66FX1M0xxx18/devices/MK66F18/system_MK66F18.c.obj
 .debug_info    0x0000db7b     0x270d CMakeFiles/hello_world.elf.dir/e5103f61876ec3237827d5eed3bed075/SDK_2.9.0_MK66FX1M0xxx18/devices/MK66F18/drivers/fsl_lpuart.c.obj

.debug_abbrev   0x00000000     0x1f8c
 .debug_abbrev  0x00000000      0x218 CMakeFiles/hello_world.elf.dir/4c17dc5a00c1f2a2d14478fb96592893/boards/frdmk66f/demo_apps/hello_world/hello_world.c.obj
 .debug_abbrev  0x00000218      0x2a0 CMakeFiles/hello_world.elf.dir/4c17dc5a00c1f2a2d14478fb96592893/boards/frdmk66f/demo_apps/hello_world/pin_mux.c.obj
 .debug_abbrev  0x000004b8      0x22b CMakeFiles/hello_world.elf.dir/4c17dc5a00c1f2a2d14478fb96592893/boards/frdmk66f/demo_apps/hello_world/board.c.obj
 .debug_abbrev  0x000006e3      0x307 CMakeFiles/hello_world.elf.dir/4c17dc5a00c1f2a2d14478fb96592893/boards/frdmk66f/demo_apps/hello_world/clock_config.c.obj
 .debug_abbrev  0x000009ea      0x365 CMakeFiles/hello_world.elf.dir/4c17dc5a00c1f2a2d14478fb96592893/devices/MK66F18/utilities/debug_console_lite/fsl_debug_console.c.obj
 .debug_abbrev  0x00000d4f      0x2b7 CMakeFiles/hello_world.elf.dir/D_/DanieL/Teensy/Teensy_3.6/NXP_SDK_v2.9.0/SDK_2.9.0_MK66FX1M0xxx18/components/uart/fsl_adapter_uart.c.obj
 .debug_abbrev  0x00001006      0x45b CMakeFiles/hello_world.elf.dir/e5103f61876ec3237827d5eed3bed075/SDK_2.9.0_MK66FX1M0xxx18/devices/MK66F18/drivers/fsl_clock.c.obj
 .debug_abbrev  0x00001461      0x3f3 CMakeFiles/hello_world.elf.dir/D_/DanieL/Teensy/Teensy_3.6/NXP_SDK_v2.9.0/SDK_2.9.0_MK66FX1M0xxx18/devices/MK66F18/drivers/fsl_uart.c.obj
 .debug_abbrev  0x00001854      0x1ea CMakeFiles/hello_world.elf.dir/4c17dc5a00c1f2a2d14478fb96592893/devices/MK66F18/utilities/debug_console_lite/fsl_assert.c.obj
 .debug_abbrev  0x00001a3e       0x14 CMakeFiles/hello_world.elf.dir/e5103f61876ec3237827d5eed3bed075/SDK_2.9.0_MK66FX1M0xxx18/devices/MK66F18/gcc/startup_MK66F18.S.obj
 .debug_abbrev  0x00001a52      0x158 CMakeFiles/hello_world.elf.dir/D_/DanieL/Teensy/Teensy_3.6/NXP_SDK_v2.9.0/SDK_2.9.0_MK66FX1M0xxx18/devices/MK66F18/system_MK66F18.c.obj
 .debug_abbrev  0x00001baa      0x3e2 CMakeFiles/hello_world.elf.dir/e5103f61876ec3237827d5eed3bed075/SDK_2.9.0_MK66FX1M0xxx18/devices/MK66F18/drivers/fsl_lpuart.c.obj

.debug_aranges  0x00000000      0x720
 .debug_aranges
                0x00000000       0x20 CMakeFiles/hello_world.elf.dir/4c17dc5a00c1f2a2d14478fb96592893/boards/frdmk66f/demo_apps/hello_world/hello_world.c.obj
 .debug_aranges
                0x00000020       0x38 CMakeFiles/hello_world.elf.dir/4c17dc5a00c1f2a2d14478fb96592893/boards/frdmk66f/demo_apps/hello_world/pin_mux.c.obj
 .debug_aranges
                0x00000058       0x20 CMakeFiles/hello_world.elf.dir/4c17dc5a00c1f2a2d14478fb96592893/boards/frdmk66f/demo_apps/hello_world/board.c.obj
 .debug_aranges
                0x00000078       0x60 CMakeFiles/hello_world.elf.dir/4c17dc5a00c1f2a2d14478fb96592893/boards/frdmk66f/demo_apps/hello_world/clock_config.c.obj
 .debug_aranges
                0x000000d8       0x70 CMakeFiles/hello_world.elf.dir/4c17dc5a00c1f2a2d14478fb96592893/devices/MK66F18/utilities/debug_console_lite/fsl_debug_console.c.obj
 .debug_aranges
                0x00000148       0x50 CMakeFiles/hello_world.elf.dir/D_/DanieL/Teensy/Teensy_3.6/NXP_SDK_v2.9.0/SDK_2.9.0_MK66FX1M0xxx18/components/uart/fsl_adapter_uart.c.obj
 .debug_aranges
                0x00000198      0x258 CMakeFiles/hello_world.elf.dir/e5103f61876ec3237827d5eed3bed075/SDK_2.9.0_MK66FX1M0xxx18/devices/MK66F18/drivers/fsl_clock.c.obj
 .debug_aranges
                0x000003f0      0x198 CMakeFiles/hello_world.elf.dir/D_/DanieL/Teensy/Teensy_3.6/NXP_SDK_v2.9.0/SDK_2.9.0_MK66FX1M0xxx18/devices/MK66F18/drivers/fsl_uart.c.obj
 .debug_aranges
                0x00000588       0x20 CMakeFiles/hello_world.elf.dir/4c17dc5a00c1f2a2d14478fb96592893/devices/MK66F18/utilities/debug_console_lite/fsl_assert.c.obj
 .debug_aranges
                0x000005a8       0x20 CMakeFiles/hello_world.elf.dir/e5103f61876ec3237827d5eed3bed075/SDK_2.9.0_MK66FX1M0xxx18/devices/MK66F18/gcc/startup_MK66F18.S.obj
 .debug_aranges
                0x000005c8       0x30 CMakeFiles/hello_world.elf.dir/D_/DanieL/Teensy/Teensy_3.6/NXP_SDK_v2.9.0/SDK_2.9.0_MK66FX1M0xxx18/devices/MK66F18/system_MK66F18.c.obj
 .debug_aranges
                0x000005f8      0x128 CMakeFiles/hello_world.elf.dir/e5103f61876ec3237827d5eed3bed075/SDK_2.9.0_MK66FX1M0xxx18/devices/MK66F18/drivers/fsl_lpuart.c.obj

.debug_ranges   0x00000000      0x650
 .debug_ranges  0x00000000       0x10 CMakeFiles/hello_world.elf.dir/4c17dc5a00c1f2a2d14478fb96592893/boards/frdmk66f/demo_apps/hello_world/hello_world.c.obj
 .debug_ranges  0x00000010       0x28 CMakeFiles/hello_world.elf.dir/4c17dc5a00c1f2a2d14478fb96592893/boards/frdmk66f/demo_apps/hello_world/pin_mux.c.obj
 .debug_ranges  0x00000038       0x10 CMakeFiles/hello_world.elf.dir/4c17dc5a00c1f2a2d14478fb96592893/boards/frdmk66f/demo_apps/hello_world/board.c.obj
 .debug_ranges  0x00000048       0x50 CMakeFiles/hello_world.elf.dir/4c17dc5a00c1f2a2d14478fb96592893/boards/frdmk66f/demo_apps/hello_world/clock_config.c.obj
 .debug_ranges  0x00000098       0x60 CMakeFiles/hello_world.elf.dir/4c17dc5a00c1f2a2d14478fb96592893/devices/MK66F18/utilities/debug_console_lite/fsl_debug_console.c.obj
 .debug_ranges  0x000000f8       0x40 CMakeFiles/hello_world.elf.dir/D_/DanieL/Teensy/Teensy_3.6/NXP_SDK_v2.9.0/SDK_2.9.0_MK66FX1M0xxx18/components/uart/fsl_adapter_uart.c.obj
 .debug_ranges  0x00000138      0x248 CMakeFiles/hello_world.elf.dir/e5103f61876ec3237827d5eed3bed075/SDK_2.9.0_MK66FX1M0xxx18/devices/MK66F18/drivers/fsl_clock.c.obj
 .debug_ranges  0x00000380      0x188 CMakeFiles/hello_world.elf.dir/D_/DanieL/Teensy/Teensy_3.6/NXP_SDK_v2.9.0/SDK_2.9.0_MK66FX1M0xxx18/devices/MK66F18/drivers/fsl_uart.c.obj
 .debug_ranges  0x00000508       0x10 CMakeFiles/hello_world.elf.dir/4c17dc5a00c1f2a2d14478fb96592893/devices/MK66F18/utilities/debug_console_lite/fsl_assert.c.obj
 .debug_ranges  0x00000518       0x20 CMakeFiles/hello_world.elf.dir/D_/DanieL/Teensy/Teensy_3.6/NXP_SDK_v2.9.0/SDK_2.9.0_MK66FX1M0xxx18/devices/MK66F18/system_MK66F18.c.obj
 .debug_ranges  0x00000538      0x118 CMakeFiles/hello_world.elf.dir/e5103f61876ec3237827d5eed3bed075/SDK_2.9.0_MK66FX1M0xxx18/devices/MK66F18/drivers/fsl_lpuart.c.obj

.debug_line     0x00000000     0x6321
 .debug_line    0x00000000      0x355 CMakeFiles/hello_world.elf.dir/4c17dc5a00c1f2a2d14478fb96592893/boards/frdmk66f/demo_apps/hello_world/hello_world.c.obj
 .debug_line    0x00000355      0x3cd CMakeFiles/hello_world.elf.dir/4c17dc5a00c1f2a2d14478fb96592893/boards/frdmk66f/demo_apps/hello_world/pin_mux.c.obj
 .debug_line    0x00000722      0x3be CMakeFiles/hello_world.elf.dir/4c17dc5a00c1f2a2d14478fb96592893/boards/frdmk66f/demo_apps/hello_world/board.c.obj
 .debug_line    0x00000ae0      0x486 CMakeFiles/hello_world.elf.dir/4c17dc5a00c1f2a2d14478fb96592893/boards/frdmk66f/demo_apps/hello_world/clock_config.c.obj
 .debug_line    0x00000f66      0xc0f CMakeFiles/hello_world.elf.dir/4c17dc5a00c1f2a2d14478fb96592893/devices/MK66F18/utilities/debug_console_lite/fsl_debug_console.c.obj
 .debug_line    0x00001b75      0x4e8 CMakeFiles/hello_world.elf.dir/D_/DanieL/Teensy/Teensy_3.6/NXP_SDK_v2.9.0/SDK_2.9.0_MK66FX1M0xxx18/components/uart/fsl_adapter_uart.c.obj
 .debug_line    0x0000205d     0x17f3 CMakeFiles/hello_world.elf.dir/e5103f61876ec3237827d5eed3bed075/SDK_2.9.0_MK66FX1M0xxx18/devices/MK66F18/drivers/fsl_clock.c.obj
 .debug_line    0x00003850     0x137c CMakeFiles/hello_world.elf.dir/D_/DanieL/Teensy/Teensy_3.6/NXP_SDK_v2.9.0/SDK_2.9.0_MK66FX1M0xxx18/devices/MK66F18/drivers/fsl_uart.c.obj
 .debug_line    0x00004bcc      0x33d CMakeFiles/hello_world.elf.dir/4c17dc5a00c1f2a2d14478fb96592893/devices/MK66F18/utilities/debug_console_lite/fsl_assert.c.obj
 .debug_line    0x00004f09      0x1ee CMakeFiles/hello_world.elf.dir/e5103f61876ec3237827d5eed3bed075/SDK_2.9.0_MK66FX1M0xxx18/devices/MK66F18/gcc/startup_MK66F18.S.obj
 .debug_line    0x000050f7      0x353 CMakeFiles/hello_world.elf.dir/D_/DanieL/Teensy/Teensy_3.6/NXP_SDK_v2.9.0/SDK_2.9.0_MK66FX1M0xxx18/devices/MK66F18/system_MK66F18.c.obj
 .debug_line    0x0000544a      0xed7 CMakeFiles/hello_world.elf.dir/e5103f61876ec3237827d5eed3bed075/SDK_2.9.0_MK66FX1M0xxx18/devices/MK66F18/drivers/fsl_lpuart.c.obj

.debug_str      0x00000000     0x593d
 .debug_str     0x00000000      0xa80 CMakeFiles/hello_world.elf.dir/4c17dc5a00c1f2a2d14478fb96592893/boards/frdmk66f/demo_apps/hello_world/hello_world.c.obj
                                0xb04 (size before relaxing)
 .debug_str     0x00000a80      0x624 CMakeFiles/hello_world.elf.dir/4c17dc5a00c1f2a2d14478fb96592893/boards/frdmk66f/demo_apps/hello_world/pin_mux.c.obj
                                0xc31 (size before relaxing)
 .debug_str     0x000010a4       0xcc CMakeFiles/hello_world.elf.dir/4c17dc5a00c1f2a2d14478fb96592893/boards/frdmk66f/demo_apps/hello_world/board.c.obj
                                0xb53 (size before relaxing)
 .debug_str     0x00001170      0xb76 CMakeFiles/hello_world.elf.dir/4c17dc5a00c1f2a2d14478fb96592893/boards/frdmk66f/demo_apps/hello_world/clock_config.c.obj
                               0x1716 (size before relaxing)
 .debug_str     0x00001ce6      0x6f3 CMakeFiles/hello_world.elf.dir/4c17dc5a00c1f2a2d14478fb96592893/devices/MK66F18/utilities/debug_console_lite/fsl_debug_console.c.obj
                               0x15cc (size before relaxing)
 .debug_str     0x000023d9      0x2c9 CMakeFiles/hello_world.elf.dir/D_/DanieL/Teensy/Teensy_3.6/NXP_SDK_v2.9.0/SDK_2.9.0_MK66FX1M0xxx18/components/uart/fsl_adapter_uart.c.obj
                               0x14f1 (size before relaxing)
 .debug_str     0x000026a2     0x130d CMakeFiles/hello_world.elf.dir/e5103f61876ec3237827d5eed3bed075/SDK_2.9.0_MK66FX1M0xxx18/devices/MK66F18/drivers/fsl_clock.c.obj
                               0x2a3b (size before relaxing)
 .debug_str     0x000039af      0xf9f CMakeFiles/hello_world.elf.dir/D_/DanieL/Teensy/Teensy_3.6/NXP_SDK_v2.9.0/SDK_2.9.0_MK66FX1M0xxx18/devices/MK66F18/drivers/fsl_uart.c.obj
                               0x2816 (size before relaxing)
 .debug_str     0x0000494e       0x9c CMakeFiles/hello_world.elf.dir/4c17dc5a00c1f2a2d14478fb96592893/devices/MK66F18/utilities/debug_console_lite/fsl_assert.c.obj
                                0x6a1 (size before relaxing)
 .debug_str     0x000049ea       0x78 CMakeFiles/hello_world.elf.dir/e5103f61876ec3237827d5eed3bed075/SDK_2.9.0_MK66FX1M0xxx18/devices/MK66F18/gcc/startup_MK66F18.S.obj
                                 0xe9 (size before relaxing)
 .debug_str     0x00004a62      0x161 CMakeFiles/hello_world.elf.dir/D_/DanieL/Teensy/Teensy_3.6/NXP_SDK_v2.9.0/SDK_2.9.0_MK66FX1M0xxx18/devices/MK66F18/system_MK66F18.c.obj
                                0x71f (size before relaxing)
 .debug_str     0x00004bc3      0xd7a CMakeFiles/hello_world.elf.dir/e5103f61876ec3237827d5eed3bed075/SDK_2.9.0_MK66FX1M0xxx18/devices/MK66F18/drivers/fsl_lpuart.c.obj
                               0x2877 (size before relaxing)

.comment        0x00000000       0x4c
 .comment       0x00000000       0x4c CMakeFiles/hello_world.elf.dir/4c17dc5a00c1f2a2d14478fb96592893/boards/frdmk66f/demo_apps/hello_world/hello_world.c.obj
                                 0x4d (size before relaxing)
 .comment       0x0000004c       0x4d CMakeFiles/hello_world.elf.dir/4c17dc5a00c1f2a2d14478fb96592893/boards/frdmk66f/demo_apps/hello_world/pin_mux.c.obj
 .comment       0x0000004c       0x4d CMakeFiles/hello_world.elf.dir/4c17dc5a00c1f2a2d14478fb96592893/boards/frdmk66f/demo_apps/hello_world/board.c.obj
 .comment       0x0000004c       0x4d CMakeFiles/hello_world.elf.dir/4c17dc5a00c1f2a2d14478fb96592893/boards/frdmk66f/demo_apps/hello_world/clock_config.c.obj
 .comment       0x0000004c       0x4d CMakeFiles/hello_world.elf.dir/4c17dc5a00c1f2a2d14478fb96592893/devices/MK66F18/utilities/debug_console_lite/fsl_debug_console.c.obj
 .comment       0x0000004c       0x4d CMakeFiles/hello_world.elf.dir/D_/DanieL/Teensy/Teensy_3.6/NXP_SDK_v2.9.0/SDK_2.9.0_MK66FX1M0xxx18/components/uart/fsl_adapter_uart.c.obj
 .comment       0x0000004c       0x4d CMakeFiles/hello_world.elf.dir/e5103f61876ec3237827d5eed3bed075/SDK_2.9.0_MK66FX1M0xxx18/devices/MK66F18/drivers/fsl_clock.c.obj
 .comment       0x0000004c       0x4d CMakeFiles/hello_world.elf.dir/D_/DanieL/Teensy/Teensy_3.6/NXP_SDK_v2.9.0/SDK_2.9.0_MK66FX1M0xxx18/devices/MK66F18/drivers/fsl_uart.c.obj
 .comment       0x0000004c       0x4d CMakeFiles/hello_world.elf.dir/4c17dc5a00c1f2a2d14478fb96592893/devices/MK66F18/utilities/debug_console_lite/fsl_assert.c.obj
 .comment       0x0000004c       0x4d CMakeFiles/hello_world.elf.dir/D_/DanieL/Teensy/Teensy_3.6/NXP_SDK_v2.9.0/SDK_2.9.0_MK66FX1M0xxx18/devices/MK66F18/system_MK66F18.c.obj
 .comment       0x0000004c       0x4d CMakeFiles/hello_world.elf.dir/e5103f61876ec3237827d5eed3bed075/SDK_2.9.0_MK66FX1M0xxx18/devices/MK66F18/drivers/fsl_lpuart.c.obj

.debug_frame    0x00000000     0x1c54
 .debug_frame   0x00000000       0x30 CMakeFiles/hello_world.elf.dir/4c17dc5a00c1f2a2d14478fb96592893/boards/frdmk66f/demo_apps/hello_world/hello_world.c.obj
 .debug_frame   0x00000030       0x98 CMakeFiles/hello_world.elf.dir/4c17dc5a00c1f2a2d14478fb96592893/boards/frdmk66f/demo_apps/hello_world/pin_mux.c.obj
 .debug_frame   0x000000c8       0x34 CMakeFiles/hello_world.elf.dir/4c17dc5a00c1f2a2d14478fb96592893/boards/frdmk66f/demo_apps/hello_world/board.c.obj
 .debug_frame   0x000000fc      0x140 CMakeFiles/hello_world.elf.dir/4c17dc5a00c1f2a2d14478fb96592893/boards/frdmk66f/demo_apps/hello_world/clock_config.c.obj
 .debug_frame   0x0000023c      0x1d4 CMakeFiles/hello_world.elf.dir/4c17dc5a00c1f2a2d14478fb96592893/devices/MK66F18/utilities/debug_console_lite/fsl_debug_console.c.obj
 .debug_frame   0x00000410      0x110 CMakeFiles/hello_world.elf.dir/D_/DanieL/Teensy/Teensy_3.6/NXP_SDK_v2.9.0/SDK_2.9.0_MK66FX1M0xxx18/components/uart/fsl_adapter_uart.c.obj
 .debug_frame   0x00000520      0xa3c CMakeFiles/hello_world.elf.dir/e5103f61876ec3237827d5eed3bed075/SDK_2.9.0_MK66FX1M0xxx18/devices/MK66F18/drivers/fsl_clock.c.obj
 .debug_frame   0x00000f5c      0x6c4 CMakeFiles/hello_world.elf.dir/D_/DanieL/Teensy/Teensy_3.6/NXP_SDK_v2.9.0/SDK_2.9.0_MK66FX1M0xxx18/devices/MK66F18/drivers/fsl_uart.c.obj
 .debug_frame   0x00001620       0x30 CMakeFiles/hello_world.elf.dir/4c17dc5a00c1f2a2d14478fb96592893/devices/MK66F18/utilities/debug_console_lite/fsl_assert.c.obj
 .debug_frame   0x00001650       0x74 CMakeFiles/hello_world.elf.dir/D_/DanieL/Teensy/Teensy_3.6/NXP_SDK_v2.9.0/SDK_2.9.0_MK66FX1M0xxx18/devices/MK66F18/system_MK66F18.c.obj
 .debug_frame   0x000016c4      0x4fc CMakeFiles/hello_world.elf.dir/e5103f61876ec3237827d5eed3bed075/SDK_2.9.0_MK66FX1M0xxx18/devices/MK66F18/drivers/fsl_lpuart.c.obj
 .debug_frame   0x00001bc0       0x28 c:/progra~2/gnu arm embedded toolchain/9 2020-q2-update/bin/../lib/gcc/arm-none-eabi/9.3.1/../../../../arm-none-eabi/lib/thumb/v7e-m+fp/hard\libc_nano.a(lib_a-exit.o)
 .debug_frame   0x00001be8       0x2c c:/progra~2/gnu arm embedded toolchain/9 2020-q2-update/bin/../lib/gcc/arm-none-eabi/9.3.1/../../../../arm-none-eabi/lib/thumb/v7e-m+fp/hard\libc_nano.a(lib_a-init.o)
 .debug_frame   0x00001c14       0x20 c:/progra~2/gnu arm embedded toolchain/9 2020-q2-update/bin/../lib/gcc/arm-none-eabi/9.3.1/../../../../arm-none-eabi/lib/thumb/v7e-m+fp/hard\libc_nano.a(lib_a-memset.o)
 .debug_frame   0x00001c34       0x20 c:/progra~2/gnu arm embedded toolchain/9 2020-q2-update/bin/../lib/gcc/arm-none-eabi/9.3.1/../../../../arm-none-eabi/lib/thumb/v7e-m+fp/hard\libnosys.a(_exit.o)
